// Jest Snapshot v1, https://goo.gl/fbAQLP

exports[`Storyshots Task Default 1`] = `
<div
  className="sc-bxivhb eBNJKg"
>
  ...
</div>
`;
