// Jest Snapshot v1, https://goo.gl/fbAQLP

exports[`should render a Task component 1`] = `
ShallowWrapper {
  "length": 1,
  Symbol(enzyme.__root__): [Circular],
  Symbol(enzyme.__unrendered__): <Task
    allTasks={
      Array [
        Object {
          "Group": Object {
            "id": "1",
            "name": "Purchases",
          },
          "dependencyIds": Array [
            1,
          ],
          "id": "1",
          "task": "Go to the bank",
        },
      ]
    }
    task={
      Object {
        "Group": Object {
          "id": "1",
          "name": "Purchases",
        },
        "dependencyIds": Array [
          1,
        ],
        "id": "1",
        "task": "Go to the bank",
      }
    }
  />,
  Symbol(enzyme.__renderer__): Object {
    "batchedUpdates": [Function],
    "getNode": [Function],
    "render": [Function],
    "simulateEvent": [Function],
    "unmount": [Function],
  },
  Symbol(enzyme.__node__): Object {
    "instance": null,
    "key": undefined,
    "nodeType": "function",
    "props": Object {
      "children": [Function],
    },
    "ref": null,
    "rendered": [Function],
    "type": [Function],
  },
  Symbol(enzyme.__nodes__): Array [
    Object {
      "instance": null,
      "key": undefined,
      "nodeType": "function",
      "props": Object {
        "children": [Function],
      },
      "ref": null,
      "rendered": [Function],
      "type": [Function],
    },
  ],
  Symbol(enzyme.__options__): Object {
    "adapter": ReactSixteenAdapter {
      "options": Object {
        "enableComponentDidUpdateOnSetState": true,
      },
    },
  },
}
`;
